\BOOKMARK [0][-]{chapter.1}{New features in this release}{}% 1
\BOOKMARK [1][-]{section.1.1}{ New Logo }{chapter.1}% 2
\BOOKMARK [1][-]{section.1.2}{ ThemesSee URL http://alphamanual.audacityteam.org/man/Themes }{chapter.1}% 3
\BOOKMARK [1][-]{section.1.3}{ MIDI \(and Allegro\) Playback }{chapter.1}% 4
\BOOKMARK [1][-]{section.1.4}{ Stem Plots }{chapter.1}% 5
\BOOKMARK [1][-]{section.1.5}{ Menu reorganization }{chapter.1}% 6
\BOOKMARK [1][-]{section.1.6}{ The Extended Menu bar }{chapter.1}% 7
\BOOKMARK [1][-]{section.1.7}{ Appended recording on the same track in now the default }{chapter.1}% 8
\BOOKMARK [2][-]{subsection.1.7.1}{ To record on a new track }{section.1.7}% 9
\BOOKMARK [1][-]{section.1.8}{ Help buttons }{chapter.1}% 10
\BOOKMARK [1][-]{section.1.9}{ Standard and Full shortcut sets }{chapter.1}% 11
\BOOKMARK [1][-]{section.1.10}{ Selection Toolbar improvements }{chapter.1}% 12
\BOOKMARK [1][-]{section.1.11}{ New commands for using clips via the keyboard }{chapter.1}% 13
\BOOKMARK [1][-]{section.1.12}{ Running out of disk space }{chapter.1}% 14
\BOOKMARK [1][-]{section.1.13}{ Additional new featuresSee URL http://alphamanual.audacityteam.org/man/New.features.in.this.release.-.appendix }{chapter.1}% 15
